// Jest Snapshot v1, https://goo.gl/fbAQLP

exports[`Page generator generates correctly 1`] = `
"import React from 'react';
import styled from 'styled-components';
import { Helmet } from 'react-helmet-async';

const Container = styled.section\`
    display: flex;
    flex: 1;
    background-color: white;
    justify-content: center;
    align-items: center;
\`;

const FoobarPagePage: React.FC = () => {
    return (
        <>
            <Helmet>
                <title>FoobarPage!!!!</title>
            </Helmet>
            <Container data-testid=\\"FoobarPage_page\\">
                <span>This is the FoobarPage page. Its one of the best pages!</span>
            </Container>
        </>
    );
};

export default FoobarPagePage;
"
`;
